Archive member included to satisfy reference by file (symbol)

C:/ST/STM32CubeIDE_1.13.1/STM32CubeIDE/plugins/com.st.stm32cube.ide.mcu.externaltools.gnu-tools-for-stm32.12.3.rel1.win32_1.0.200.202406191623/tools/bin/../lib/gcc/arm-none-eabi/12.3.1/../../../../arm-none-eabi/lib/thumb/v6-m/nofp\libc_nano.a(libc_a-exit.o)
                              C:/ST/STM32CubeIDE_1.13.1/STM32CubeIDE/plugins/com.st.stm32cube.ide.mcu.externaltools.gnu-tools-for-stm32.12.3.rel1.win32_1.0.200.202406191623/tools/bin/../lib/gcc/arm-none-eabi/12.3.1/../../../../arm-none-eabi/lib/thumb/v6-m/nofp/crt0.o (exit)
C:/ST/STM32CubeIDE_1.13.1/STM32CubeIDE/plugins/com.st.stm32cube.ide.mcu.externaltools.gnu-tools-for-stm32.12.3.rel1.win32_1.0.200.202406191623/tools/bin/../lib/gcc/arm-none-eabi/12.3.1/../../../../arm-none-eabi/lib/thumb/v6-m/nofp\libc_nano.a(libc_a-findfp.o)
                              C:/ST/STM32CubeIDE_1.13.1/STM32CubeIDE/plugins/com.st.stm32cube.ide.mcu.externaltools.gnu-tools-for-stm32.12.3.rel1.win32_1.0.200.202406191623/tools/bin/../lib/gcc/arm-none-eabi/12.3.1/../../../../arm-none-eabi/lib/thumb/v6-m/nofp\libc_nano.a(libc_a-exit.o) (__stdio_exit_handler)
C:/ST/STM32CubeIDE_1.13.1/STM32CubeIDE/plugins/com.st.stm32cube.ide.mcu.externaltools.gnu-tools-for-stm32.12.3.rel1.win32_1.0.200.202406191623/tools/bin/../lib/gcc/arm-none-eabi/12.3.1/../../../../arm-none-eabi/lib/thumb/v6-m/nofp\libc_nano.a(libc_a-fwalk.o)
                              C:/ST/STM32CubeIDE_1.13.1/STM32CubeIDE/plugins/com.st.stm32cube.ide.mcu.externaltools.gnu-tools-for-stm32.12.3.rel1.win32_1.0.200.202406191623/tools/bin/../lib/gcc/arm-none-eabi/12.3.1/../../../../arm-none-eabi/lib/thumb/v6-m/nofp\libc_nano.a(libc_a-findfp.o) (_fwalk_sglue)
C:/ST/STM32CubeIDE_1.13.1/STM32CubeIDE/plugins/com.st.stm32cube.ide.mcu.externaltools.gnu-tools-for-stm32.12.3.rel1.win32_1.0.200.202406191623/tools/bin/../lib/gcc/arm-none-eabi/12.3.1/../../../../arm-none-eabi/lib/thumb/v6-m/nofp\libc_nano.a(libc_a-printf.o)
                              ./Core/Src/main.o (printf)
C:/ST/STM32CubeIDE_1.13.1/STM32CubeIDE/plugins/com.st.stm32cube.ide.mcu.externaltools.gnu-tools-for-stm32.12.3.rel1.win32_1.0.200.202406191623/tools/bin/../lib/gcc/arm-none-eabi/12.3.1/../../../../arm-none-eabi/lib/thumb/v6-m/nofp\libc_nano.a(libc_a-puts.o)
                              ./Core/Src/main.o (puts)
C:/ST/STM32CubeIDE_1.13.1/STM32CubeIDE/plugins/com.st.stm32cube.ide.mcu.externaltools.gnu-tools-for-stm32.12.3.rel1.win32_1.0.200.202406191623/tools/bin/../lib/gcc/arm-none-eabi/12.3.1/../../../../arm-none-eabi/lib/thumb/v6-m/nofp\libc_nano.a(libc_a-snprintf.o)
                              ./Core/Src/main.o (snprintf)
C:/ST/STM32CubeIDE_1.13.1/STM32CubeIDE/plugins/com.st.stm32cube.ide.mcu.externaltools.gnu-tools-for-stm32.12.3.rel1.win32_1.0.200.202406191623/tools/bin/../lib/gcc/arm-none-eabi/12.3.1/../../../../arm-none-eabi/lib/thumb/v6-m/nofp\libc_nano.a(libc_a-sscanf.o)
                              ./Core/Src/main.o (sscanf)
C:/ST/STM32CubeIDE_1.13.1/STM32CubeIDE/plugins/com.st.stm32cube.ide.mcu.externaltools.gnu-tools-for-stm32.12.3.rel1.win32_1.0.200.202406191623/tools/bin/../lib/gcc/arm-none-eabi/12.3.1/../../../../arm-none-eabi/lib/thumb/v6-m/nofp\libc_nano.a(libc_a-stdio.o)
                              C:/ST/STM32CubeIDE_1.13.1/STM32CubeIDE/plugins/com.st.stm32cube.ide.mcu.externaltools.gnu-tools-for-stm32.12.3.rel1.win32_1.0.200.202406191623/tools/bin/../lib/gcc/arm-none-eabi/12.3.1/../../../../arm-none-eabi/lib/thumb/v6-m/nofp\libc_nano.a(libc_a-findfp.o) (__sread)
C:/ST/STM32CubeIDE_1.13.1/STM32CubeIDE/plugins/com.st.stm32cube.ide.mcu.externaltools.gnu-tools-for-stm32.12.3.rel1.win32_1.0.200.202406191623/tools/bin/../lib/gcc/arm-none-eabi/12.3.1/../../../../arm-none-eabi/lib/thumb/v6-m/nofp\libc_nano.a(libc_a-wbuf.o)
                              C:/ST/STM32CubeIDE_1.13.1/STM32CubeIDE/plugins/com.st.stm32cube.ide.mcu.externaltools.gnu-tools-for-stm32.12.3.rel1.win32_1.0.200.202406191623/tools/bin/../lib/gcc/arm-none-eabi/12.3.1/../../../../arm-none-eabi/lib/thumb/v6-m/nofp\libc_nano.a(libc_a-puts.o) (__swbuf_r)
C:/ST/STM32CubeIDE_1.13.1/STM32CubeIDE/plugins/com.st.stm32cube.ide.mcu.externaltools.gnu-tools-for-stm32.12.3.rel1.win32_1.0.200.202406191623/tools/bin/../lib/gcc/arm-none-eabi/12.3.1/../../../../arm-none-eabi/lib/thumb/v6-m/nofp\libc_nano.a(libc_a-wsetup.o)
                              C:/ST/STM32CubeIDE_1.13.1/STM32CubeIDE/plugins/com.st.stm32cube.ide.mcu.externaltools.gnu-tools-for-stm32.12.3.rel1.win32_1.0.200.202406191623/tools/bin/../lib/gcc/arm-none-eabi/12.3.1/../../../../arm-none-eabi/lib/thumb/v6-m/nofp\libc_nano.a(libc_a-puts.o) (__swsetup_r)
C:/ST/STM32CubeIDE_1.13.1/STM32CubeIDE/plugins/com.st.stm32cube.ide.mcu.externaltools.gnu-tools-for-stm32.12.3.rel1.win32_1.0.200.202406191623/tools/bin/../lib/gcc/arm-none-eabi/12.3.1/../../../../arm-none-eabi/lib/thumb/v6-m/nofp\libc_nano.a(libc_a-memset.o)
[...]
Memory Configuration

Name             Origin             Length             Attributes
RAM              0x20000000         0x00001800         xrw
FLASH            0x08000000         0x00008000         xr
*default*        0x00000000         0xffffffff

Linker script and memory map

LOAD C:/ST/STM32CubeIDE_1.13.1/STM32CubeIDE/plugins/com.st.stm32cube.ide.mcu.externaltools.gnu-tools-for-stm32.12.3.rel1.win32_1.0.200.202406191623/tools/bin/../lib/gcc/arm-none-eabi/12.3.1/thumb/v6-m/nofp/crti.o
LOAD C:/ST/STM32CubeIDE_1.13.1/STM32CubeIDE/plugins/com.st.stm32cube.ide.mcu.externaltools.gnu-tools-for-stm32.12.3.rel1.win32_1.0.200.202406191623/tools/bin/../lib/gcc/arm-none-eabi/12.3.1/thumb/v6-m/nofp/crtbegin.o
LOAD C:/ST/STM32CubeIDE_1.13.1/STM32CubeIDE/plugins/com.st.stm32cube.ide.mcu.externaltools.gnu-tools-for-stm32.12.3.rel1.win32_1.0.200.202406191623/tools/bin/../lib/gcc/arm-none-eabi/12.3.1/../../../../arm-none-eabi/lib/thumb/v6-m/nofp/crt0.o
LOAD ./Core/Src/main.o
LOAD ./Core/Src/stm32c0xx_hal_msp.o
LOAD ./Core/Src/stm32c0xx_it.o
LOAD ./Core/Src/syscalls.o
LOAD ./Core/Src/sysmem.o
LOAD ./Core/Src/system_stm32c0xx.o
LOAD ./Core/Startup/startup_stm32c011f6px.o
LOAD ./Drivers/STM32C0xx_HAL_Driver/Src/stm32c0xx_hal.o
LOAD ./Drivers/STM32C0xx_HAL_Driver/Src/stm32c0xx_hal_cortex.o
LOAD ./Drivers/STM32C0xx_HAL_Driver/Src/stm32c0xx_hal_dma.o
LOAD ./Drivers/STM32C0xx_HAL_Driver/Src/stm32c0xx_hal_dma_ex.o
LOAD ./Drivers/STM32C0xx_HAL_Driver/Src/stm32c0xx_hal_exti.o
LOAD ./Drivers/STM32C0xx_HAL_Driver/Src/stm32c0xx_hal_flash.o
LOAD ./Drivers/STM32C0xx_HAL_Driver/Src/stm32c0xx_hal_flash_ex.o
LOAD ./Drivers/STM32C0xx_HAL_Driver/Src/stm32c0xx_hal_gpio.o
LOAD ./Drivers/STM32C0xx_HAL_Driver/Src/stm32c0xx_hal_pwr.o
LOAD ./Drivers/STM32C0xx_HAL_Driver/Src/stm32c0xx_hal_pwr_ex.o
LOAD ./Drivers/STM32C0xx_HAL_Driver/Src/stm32c0xx_hal_rcc.o
LOAD ./Drivers/STM32C0xx_HAL_Driver/Src/stm32c0xx_hal_rcc_ex.o
LOAD ./Drivers/STM32C0xx_HAL_Driver/Src/stm32c0xx_hal_rtc.o
LOAD ./Drivers/STM32C0xx_HAL_Driver/Src/stm32c0xx_hal_rtc_ex.o
LOAD ./Drivers/STM32C0xx_HAL_Driver/Src/stm32c0xx_hal_tim.o
LOAD ./Drivers/STM32C0xx_HAL_Driver/Src/stm32c0xx_hal_tim_ex.o
LOAD ./Drivers/STM32C0xx_HAL_Driver/Src/stm32c0xx_hal_uart.o
LOAD ./Drivers/STM32C0xx_HAL_Driver/Src/stm32c0xx_hal_uart_ex.o
START GROUP
LOAD C:/ST/STM32CubeIDE_1.13.1/STM32CubeIDE/plugins/com.st.stm32cube.ide.mcu.externaltools.gnu-tools-for-stm32.12.3.rel1.win32_1.0.200.202406191623/tools/bin/../lib/gcc/arm-none-eabi/12.3.1/../../../../arm-none-eabi/lib/thumb/v6-m/nofp\libc_nano.a
LOAD C:/ST/STM32CubeIDE_1.13.1/STM32CubeIDE/plugins/com.st.stm32cube.ide.mcu.externaltools.gnu-tools-for-stm32.12.3.rel1.win32_1.0.200.202406191623/tools/bin/../lib/gcc/arm-none-eabi/12.3.1/../../../../arm-none-eabi/lib/thumb/v6-m/nofp\libm.a
END GROUP
START GROUP
LOAD C:/ST/STM32CubeIDE_1.13.1/STM32CubeIDE/plugins/com.st.stm32cube.ide.mcu.externaltools.gnu-tools-for-stm32.12.3.rel1.win32_1.0.200.202406191623/tools/bin/../lib/gcc/arm-none-eabi/12.3.1/thumb/v6-m/nofp\libgcc.a
LOAD C:/ST/STM32CubeIDE_1.13.1/STM32CubeIDE/plugins/com.st.stm32cube.ide.mcu.externaltools.gnu-tools-for-stm32.12.3.rel1.win32_1.0.200.202406191623/tools/bin/../lib/gcc/arm-none-eabi/12.3.1/../../../../arm-none-eabi/lib/thumb/v6-m/nofp\libc_nano.a
END GROUP
START GROUP
LOAD C:/ST/STM32CubeIDE_1.13.1/STM32CubeIDE/plugins/com.st.stm32cube.ide.mcu.externaltools.gnu-tools-for-stm32.12.3.rel1.win32_1.0.200.202406191623/tools/bin/../lib/gcc/arm-none-eabi/12.3.1/thumb/v6-m/nofp\libgcc.a
LOAD C:/ST/STM32CubeIDE_1.13.1/STM32CubeIDE/plugins/com.st.stm32cube.ide.mcu.externaltools.gnu-tools-for-stm32.12.3.rel1.win32_1.0.200.202406191623/tools/bin/../lib/gcc/arm-none-eabi/12.3.1/../../../../arm-none-eabi/lib/thumb/v6-m/nofp\libc_nano.a
LOAD C:/ST/STM32CubeIDE_1.13.1/STM32CubeIDE/plugins/com.st.stm32cube.ide.mcu.externaltools.gnu-tools-for-stm32.12.3.rel1.win32_1.0.200.202406191623/tools/bin/../lib/gcc/arm-none-eabi/12.3.1/../../../../arm-none-eabi/lib/thumb/v6-m/nofp\libnosys.a
END GROUP
START GROUP
LOAD C:/ST/STM32CubeIDE_1.13.1/STM32CubeIDE/plugins/com.st.stm32cube.ide.mcu.externaltools.gnu-tools-for-stm32.12.3.rel1.win32_1.0.200.202406191623/tools/bin/../lib/gcc/arm-none-eabi/12.3.1/thumb/v6-m/nofp\libgcc.a
LOAD C:/ST/STM32CubeIDE_1.13.1/STM32CubeIDE/plugins/com.st.stm32cube.ide.mcu.externaltools.gnu-tools-for-stm32.12.3.rel1.win32_1.0.200.202406191623/tools/bin/../lib/gcc/arm-none-eabi/12.3.1/../../../../arm-none-eabi/lib/thumb/v6-m/nofp\libc_nano.a
LOAD C:/ST/STM32CubeIDE_1.13.1/STM32CubeIDE/plugins/com.st.stm32cube.ide.mcu.externaltools.gnu-tools-for-stm32.12.3.rel1.win32_1.0.200.202406191623/tools/bin/../lib/gcc/arm-none-eabi/12.3.1/../../../../arm-none-eabi/lib/thumb/v6-m/nofp\libnosys.a
END GROUP
LOAD C:/ST/STM32CubeIDE_1.13.1/STM32CubeIDE/plugins/com.st.stm32cube.ide.mcu.externaltools.gnu-tools-for-stm32.12.3.rel1.win32_1.0.200.202406191623/tools/bin/../lib/gcc/arm-none-eabi/12.3.1/thumb/v6-m/nofp/crtend.o
LOAD C:/ST/STM32CubeIDE_1.13.1/STM32CubeIDE/plugins/com.st.stm32cube.ide.mcu.externaltools.gnu-tools-for-stm32.12.3.rel1.win32_1.0.200.202406191623/tools/bin/../lib/gcc/arm-none-eabi/12.3.1/thumb/v6-m/nofp/crtn.o
                0x20001800                        _estack = (ORIGIN (RAM) + LENGTH (RAM))
                0x00000200                        _Min_Heap_Size = 0x200
                0x00000400                        _Min_Stack_Size = 0x400

.isr_vector     0x08000000       0xc0
                0x08000000                        . = ALIGN (0x4)
 *(.isr_vector)
 .isr_vector    0x08000000       0xc0 ./Core/Startup/startup_stm32c011f6px.o
                0x08000000                g_pfnVectors
                0x080000c0                        . = ALIGN (0x4)

.text           0x080000c0     0x3d8c
                0x080000c0                        . = ALIGN (0x4)
 *(.text)
 .text          0x080000c0       0x48 C:/ST/STM32CubeIDE_1.13.1/STM32CubeIDE/plugins/com.st.stm32cube.ide.mcu.externaltools.gnu-tools-for-stm32.12.3.rel1.win32_1.0.200.202406191623/tools/bin/../lib/gcc/arm-none-eabi/12.3.1/thumb/v6-m/nofp/crtbegin.o
 .text          0x08000108      0x114 C:/ST/STM32CubeIDE_1.13.1/STM32CubeIDE/plugins/com.st.stm32cube.ide.mcu.externaltools.gnu-tools-for-stm32.12.3.rel1.win32_1.0.200.202406191623/tools/bin/../lib/gcc/arm-none-eabi/12.3.1/thumb/v6-m/nofp\libgcc.a(_udivsi3.o)
                0x08000108                __aeabi_uidiv
                0x08000108                __udivsi3
                0x08000214                __aeabi_uidivmod
 .text          0x0800021c        0x4 C:/ST/STM32CubeIDE_1.13.1/STM32CubeIDE/plugins/com.st.stm32cube.ide.mcu.externaltools.gnu-tools-for-stm32.12.3.rel1.win32_1.0.200.202406191623/tools/bin/../lib/gcc/arm-none-eabi/12.3.1/thumb/v6-m/nofp\libgcc.a(_dvmd_tls.o)
                0x0800021c                __aeabi_idiv0
                0x0800021c                __aeabi_ldiv0
 *(.text*)
 .text.main     0x08000220       0x88 ./Core/Src/main.o
                0x08000220                main
 .text.SystemClock_Config
                0x080002a8       0x8c ./Core/Src/main.o
                0x080002a8                SystemClock_Config
 .text.MX_RTC_Init
                0x08000334      0x148 ./Core/Src/main.o
 .text.MX_USART2_UART_Init
                0x0800047c       0x68 ./Core/Src/main.o
 .text.MX_GPIO_Init
                0x080004e4       0x44 ./Core/Src/main.o
 .text.HAL_UART_RxCpltCallback
                0x08000528       0x1c ./Core/Src/main.o
                0x08000528                HAL_UART_RxCpltCallback
 .text.sendATCommand
                0x08000544       0x3c ./Core/Src/main.o
                0x08000544                sendATCommand
 .text.InitFlags
                0x08000580       0x38 ./Core/Src/main.o
                0x08000580                InitFlags
 .text.Error_Handler
                0x080005b8        0xc ./Core/Src/main.o
                0x080005b8                Error_Handler
 .text.HAL_MspInit
                0x080005c4       0x58 ./Core/Src/stm32c0xx_hal_msp.o
                0x080005c4                HAL_MspInit
 .text.HAL_RTC_MspInit
                0x0800061c       0x8c ./Core/Src/stm32c0xx_hal_msp.o
                0x0800061c                HAL_RTC_MspInit
 .text.HAL_UART_MspInit
                0x080006a8       0xa4 ./Core/Src/stm32c0xx_hal_msp.o
                0x080006a8                HAL_UART_MspInit
 .text.NMI_Handler
                0x0800074c        0x8 ./Core/Src/stm32c0xx_it.o
                0x0800074c                NMI_Handler
 .text.HardFault_Handler
                0x08000754        0x8 ./Core/Src/stm32c0xx_it.o
                0x08000754                HardFault_Handler
 .text.SVC_Handler
                0x0800075c        0xa ./Core/Src/stm32c0xx_it.o
                0x0800075c                SVC_Handler
 .text.PendSV_Handler
                0x08000766        0xa ./Core/Src/stm32c0xx_it.o
                0x08000766                PendSV_Handler
 .text.SysTick_Handler
                0x08000770        0xe ./Core/Src/stm32c0xx_it.o
                0x08000770                SysTick_Handler
 *fill*         0x0800077e        0x2 
 .text.RTC_IRQHandler
                0x08000780       0x18 ./Core/Src/stm32c0xx_it.o
                0x08000780                RTC_IRQHandler
 .text.RCC_IRQHandler
                0x08000798        0xa ./Core/Src/stm32c0xx_it.o
                0x08000798                RCC_IRQHandler
 *fill*         0x080007a2        0x2 
 .text.USART2_IRQHandler
                0x080007a4       0x18 ./Core/Src/stm32c0xx_it.o
                0x080007a4                USART2_IRQHandler
 .text.SystemInit
                0x080007bc       0x18 ./Core/Src/system_stm32c0xx.o
                0x080007bc                SystemInit
 .text.Reset_Handler
                0x080007d4       0x50 ./Core/Startup/startup_stm32c011f6px.o
                0x080007d4                Reset_Handler
 .text.Default_Handler
                0x08000824        0x2 ./Core/Startup/startup_stm32c011f6px.o
                0x08000824                TIM1_CC_IRQHandler
                0x08000824                I2C1_IRQHandler
                0x08000824                DMAMUX1_IRQHandler
                0x08000824                SPI1_IRQHandler
                0x08000824                EXTI2_3_IRQHandler
                0x08000824                ADC1_IRQHandler
                0x08000824                TIM17_IRQHandler
                0x08000824                TIM16_IRQHandler
                0x08000824                TIM3_IRQHandler
                0x08000824                EXTI4_15_IRQHandler
                0x08000824                DMA1_Channel1_IRQHandler
                0x08000824                Default_Handler
                0x08000824                TIM14_IRQHandler
                0x08000824                EXTI0_1_IRQHandler
                0x08000824                WWDG_IRQHandler
                0x08000824                DMA1_Channel2_3_IRQHandler
                0x08000824                FLASH_IRQHandler
                0x08000824                USART1_IRQHandler
                0x08000824                TIM1_BRK_UP_TRG_COM_IRQHandler
 .text.HAL_Init
                0x08000826       0x2e ./Drivers/STM32C0xx_HAL_Driver/Src/stm32c0xx_hal.o
                0x08000826                HAL_Init
 .text.HAL_InitTick
                0x08000854       0x94 ./Drivers/STM32C0xx_HAL_Driver/Src/stm32c0xx_hal.o
                0x08000854                HAL_InitTick
 .text.HAL_IncTick
                0x080008e8       0x24 ./Drivers/STM32C0xx_HAL_Driver/Src/stm32c0xx_hal.o
                0x080008e8                HAL_IncTick
 .text.HAL_GetTick
                0x0800090c       0x14 ./Drivers/STM32C0xx_HAL_Driver/Src/stm32c0xx_hal.o
                0x0800090c                HAL_GetTick
 .text.HAL_Delay
                0x08000920       0x48 ./Drivers/STM32C0xx_HAL_Driver/Src/stm32c0xx_hal.o
                0x08000920                HAL_Delay
 .text.__NVIC_EnableIRQ
                0x08000968       0x34 ./Drivers/STM32C0xx_HAL_Driver/Src/stm32c0xx_hal_cortex.o
 .text.__NVIC_SetPriority
                0x0800099c       0xdc ./Drivers/STM32C0xx_HAL_Driver/Src/stm32c0xx_hal_cortex.o
 .text.SysTick_Config
                0x08000a78       0x48 ./Drivers/STM32C0xx_HAL_Driver/Src/stm32c0xx_hal_cortex.o
 .text.HAL_NVIC_SetPriority
                0x08000ac0       0x2a ./Drivers/STM32C0xx_HAL_Driver/Src/stm32c0xx_hal_cortex.o
                0x08000ac0                HAL_NVIC_SetPriority
 .text.HAL_NVIC_EnableIRQ
                0x08000aea       0x20 ./Drivers/STM32C0xx_HAL_Driver/Src/stm32c0xx_hal_cortex.o
                0x08000aea                HAL_NVIC_EnableIRQ
 .text.HAL_SYSTICK_Config
                0x08000b0a       0x1a ./Drivers/STM32C0xx_HAL_Driver/Src/stm32c0xx_hal_cortex.o
                0x08000b0a                HAL_SYSTICK_Config
 .text.HAL_DMA_Abort
                0x08000b24       0xc4 ./Drivers/STM32C0xx_HAL_Driver/Src/stm32c0xx_hal_dma.o
                0x08000b24                HAL_DMA_Abort
 .text.HAL_DMA_Abort_IT
                0x08000be8       0xf4 ./Drivers/STM32C0xx_HAL_Driver/Src/stm32c0xx_hal_dma.o
                0x08000be8                HAL_DMA_Abort_IT
 .text.HAL_GPIO_Init
                0x08000cdc      0x2d4 ./Drivers/STM32C0xx_HAL_Driver/Src/stm32c0xx_hal_gpio.o
                0x08000cdc                HAL_GPIO_Init
 .text.HAL_PWR_DisableWakeUpPin
                0x08000fb0       0x28 ./Drivers/STM32C0xx_HAL_Driver/Src/stm32c0xx_hal_pwr.o
                0x08000fb0                HAL_PWR_DisableWakeUpPin
 .text.HAL_RCC_OscConfig
                0x08000fd8      0x3c8 ./Drivers/STM32C0xx_HAL_Driver/Src/stm32c0xx_hal_rcc.o
                0x08000fd8                HAL_RCC_OscConfig
 .text.HAL_RCC_ClockConfig
                0x080013a0      0x214 ./Drivers/STM32C0xx_HAL_Driver/Src/stm32c0xx_hal_rcc.o
                0x080013a0                HAL_RCC_ClockConfig
 .text.HAL_RCC_GetSysClockFreq
                0x080015b4       0xa0 ./Drivers/STM32C0xx_HAL_Driver/Src/stm32c0xx_hal_rcc.o
                0x080015b4                HAL_RCC_GetSysClockFreq
 .text.HAL_RCC_GetHCLKFreq
                0x08001654       0x3c ./Drivers/STM32C0xx_HAL_Driver/Src/stm32c0xx_hal_rcc.o
                0x08001654                HAL_RCC_GetHCLKFreq
 .text.HAL_RCC_GetPCLK1Freq
                0x08001690       0x30 ./Drivers/STM32C0xx_HAL_Driver/Src/stm32c0xx_hal_rcc.o
                0x08001690                HAL_RCC_GetPCLK1Freq
 .text.HAL_RCCEx_PeriphCLKConfig
                0x080016c0      0x1d8 ./Drivers/STM32C0xx_HAL_Driver/Src/stm32c0xx_hal_rcc_ex.o
                0x080016c0                HAL_RCCEx_PeriphCLKConfig
 .text.HAL_RTC_Init
                0x08001898      0x11c ./Drivers/STM32C0xx_HAL_Driver/Src/stm32c0xx_hal_rtc.o
                0x08001898                HAL_RTC_Init
 .text.HAL_RTC_SetTime
                0x080019b4      0x150 ./Drivers/STM32C0xx_HAL_Driver/Src/stm32c0xx_hal_rtc.o
                0x080019b4                HAL_RTC_SetTime
 .text.HAL_RTC_SetDate
                0x08001b04      0x124 ./Drivers/STM32C0xx_HAL_Driver/Src/stm32c0xx_hal_rtc.o
                0x08001b04                HAL_RTC_SetDate
 .text.HAL_RTC_SetAlarm_IT
                0x08001c28      0x1d8 ./Drivers/STM32C0xx_HAL_Driver/Src/stm32c0xx_hal_rtc.o
                0x08001c28                HAL_RTC_SetAlarm_IT
 .text.HAL_RTC_AlarmIRQHandler
                0x08001e00       0x42 ./Drivers/STM32C0xx_HAL_Driver/Src/stm32c0xx_hal_rtc.o
                0x08001e00                HAL_RTC_AlarmIRQHandler
 .text.HAL_RTC_AlarmAEventCallback
                0x08001e42       0x10 ./Drivers/STM32C0xx_HAL_Driver/Src/stm32c0xx_hal_rtc.o
                0x08001e42                HAL_RTC_AlarmAEventCallback
 *fill*         0x08001e52        0x2 
 .text.HAL_RTC_WaitForSynchro
                0x08001e54       0x64 ./Drivers/STM32C0xx_HAL_Driver/Src/stm32c0xx_hal_rtc.o
                0x08001e54                HAL_RTC_WaitForSynchro
 .text.RTC_EnterInitMode
                0x08001eb8       0x90 ./Drivers/STM32C0xx_HAL_Driver/Src/stm32c0xx_hal_rtc.o
                0x08001eb8                RTC_EnterInitMode
 .text.RTC_ExitInitMode
                0x08001f48       0x88 ./Drivers/STM32C0xx_HAL_Driver/Src/stm32c0xx_hal_rtc.o
                0x08001f48                RTC_ExitInitMode
 .text.RTC_ByteToBcd2
                0x08001fd0       0x50 ./Drivers/STM32C0xx_HAL_Driver/Src/stm32c0xx_hal_rtc.o
                0x08001fd0                RTC_ByteToBcd2
 .text.HAL_UART_Init
                0x08002020       0xac ./Drivers/STM32C0xx_HAL_Driver/Src/stm32c0xx_hal_uart.o
                0x08002020                HAL_UART_Init
 .text.HAL_UART_Transmit
                0x080020cc      0x148 ./Drivers/STM32C0xx_HAL_Driver/Src/stm32c0xx_hal_uart.o
                0x080020cc                HAL_UART_Transmit
 .text.HAL_UART_Receive_IT
                0x08002214       0xae ./Drivers/STM32C0xx_HAL_Driver/Src/stm32c0xx_hal_uart.o
                0x08002214                HAL_UART_Receive_IT
 *fill*         0x080022c2        0x2 
 .text.HAL_UART_IRQHandler
                0x080022c4      0x68c ./Drivers/STM32C0xx_HAL_Driver/Src/stm32c0xx_hal_uart.o
                0x080022c4                HAL_UART_IRQHandler
 .text.HAL_UART_TxCpltCallback
                0x08002950       0x10 ./Drivers/STM32C0xx_HAL_Driver/Src/stm32c0xx_hal_uart.o
                0x08002950                HAL_UART_TxCpltCallback
 .text.HAL_UART_ErrorCallback
                0x08002960       0x10 ./Drivers/STM32C0xx_HAL_Driver/Src/stm32c0xx_hal_uart.o
                0x08002960                HAL_UART_ErrorCallback
 .text.HAL_UARTEx_RxEventCallback
                0x08002970       0x16 ./Drivers/STM32C0xx_HAL_Driver/Src/stm32c0xx_hal_uart.o
                0x08002970                HAL_UARTEx_RxEventCallback
 *fill*         0x08002986        0x2 
 .text.UART_SetConfig
                0x08002988      0x2fc ./Drivers/STM32C0xx_HAL_Driver/Src/stm32c0xx_hal_uart.o
                0x08002988                UART_SetConfig
 .text.UART_AdvFeatureConfig
                0x08002c84      0x168 ./Drivers/STM32C0xx_HAL_Driver/Src/stm32c0xx_hal_uart.o
                0x08002c84                UART_AdvFeatureConfig
 .text.UART_CheckIdleState
                0x08002dec      0x154 ./Drivers/STM32C0xx_HAL_Driver/Src/stm32c0xx_hal_uart.o
                0x08002dec                UART_CheckIdleState
 .text.UART_WaitOnFlagUntilTimeout
                0x08002f40       0xde ./Drivers/STM32C0xx_HAL_Driver/Src/stm32c0xx_hal_uart.o
                0x08002f40                UART_WaitOnFlagUntilTimeout
 *fill*         0x0800301e        0x2 
 .text.UART_Start_Receive_IT
                0x08003020      0x248 ./Drivers/STM32C0xx_HAL_Driver/Src/stm32c0xx_hal_uart.o
                0x08003020                UART_Start_Receive_IT
 .text.UART_EndRxTransfer
                0x08003268       0xcc ./Drivers/STM32C0xx_HAL_Driver/Src/stm32c0xx_hal_uart.o
 .text.UART_DMAAbortOnError
                0x08003334       0x2e ./Drivers/STM32C0xx_HAL_Driver/Src/stm32c0xx_hal_uart.o
 .text.UART_EndTransmit_IT
                0x08003362       0x58 ./Drivers/STM32C0xx_HAL_Driver/Src/stm32c0xx_hal_uart.o
 *fill*         0x080033ba        0x2 
 .text.UART_RxISR_8BIT
                0x080033bc      0x1b8 ./Drivers/STM32C0xx_HAL_Driver/Src/stm32c0xx_hal_uart.o
 .text.UART_RxISR_16BIT
                0x08003574      0x1b8 ./Drivers/STM32C0xx_HAL_Driver/Src/stm32c0xx_hal_uart.o
 .text.UART_RxISR_8BIT_FIFOEN
                0x0800372c      0x334 ./Drivers/STM32C0xx_HAL_Driver/Src/stm32c0xx_hal_uart.o
 .text.UART_RxISR_16BIT_FIFOEN
                0x08003a60      0x34c ./Drivers/STM32C0xx_HAL_Driver/Src/stm32c0xx_hal_uart.o
 .text.HAL_UARTEx_WakeupCallback
                0x08003dac       0x10 ./Drivers/STM32C0xx_HAL_Driver/Src/stm32c0xx_hal_uart_ex.o
                0x08003dac                HAL_UARTEx_WakeupCallback
 .text.HAL_UARTEx_RxFifoFullCallback
                0x08003dbc       0x10 ./Drivers/STM32C0xx_HAL_Driver/Src/stm32c0xx_hal_uart_ex.o
                0x08003dbc                HAL_UARTEx_RxFifoFullCallback
 .text.HAL_UARTEx_TxFifoEmptyCallback
                0x08003dcc       0x10 ./Drivers/STM32C0xx_HAL_Driver/Src/stm32c0xx_hal_uart_ex.o
                0x08003dcc                HAL_UARTEx_TxFifoEmptyCallback
 .text.memset   0x08003ddc       0x10 C:/ST/STM32CubeIDE_1.13.1/STM32CubeIDE/plugins/com.st.stm32cube.ide.mcu.externaltools.gnu-tools-for-stm32.12.3.rel1.win32_1.0.200.202406191623/tools/bin/../lib/gcc/arm-none-eabi/12.3.1/../../../../arm-none-eabi/lib/thumb/v6-m/nofp\libc_nano.a(libc_a-memset.o)
                0x08003ddc                memset
 .text.__libc_init_array
                0x08003dec       0x48 C:/ST/STM32CubeIDE_1.13.1/STM32CubeIDE/plugins/com.st.stm32cube.ide.mcu.externaltools.gnu-tools-for-stm32.12.3.rel1.win32_1.0.200.202406191623/tools/bin/../lib/gcc/arm-none-eabi/12.3.1/../../../../arm-none-eabi/lib/thumb/v6-m/nofp\libc_nano.a(libc_a-init.o)
                0x08003dec                __libc_init_array
 *(.glue_7)
 .glue_7        0x08003e34        0x0 linker stubs
 *(.glue_7t)
 .glue_7t       0x08003e34        0x0 linker stubs
 *(.eh_frame)
 .eh_frame      0x08003e34        0x0 C:/ST/STM32CubeIDE_1.13.1/STM32CubeIDE/plugins/com.st.stm32cube.ide.mcu.externaltools.gnu-tools-for-stm32.12.3.rel1.win32_1.0.200.202406191623/tools/bin/../lib/gcc/arm-none-eabi/12.3.1/thumb/v6-m/nofp/crtbegin.o
 *(.init)
 .init          0x08003e34        0x4 C:/ST/STM32CubeIDE_1.13.1/STM32CubeIDE/plugins/com.st.stm32cube.ide.mcu.externaltools.gnu-tools-for-stm32.12.3.rel1.win32_1.0.200.202406191623/tools/bin/../lib/gcc/arm-none-eabi/12.3.1/thumb/v6-m/nofp/crti.o
                0x08003e34                _init
 .init          0x08003e38        0x8 C:/ST/STM32CubeIDE_1.13.1/STM32CubeIDE/plugins/com.st.stm32cube.ide.mcu.externaltools.gnu-tools-for-stm32.12.3.rel1.win32_1.0.200.202406191623/tools/bin/../lib/gcc/arm-none-eabi/12.3.1/thumb/v6-m/nofp/crtn.o
 *(.fini)
 .fini          0x08003e40        0x4 C:/ST/STM32CubeIDE_1.13.1/STM32CubeIDE/plugins/com.st.stm32cube.ide.mcu.externaltools.gnu-tools-for-stm32.12.3.rel1.win32_1.0.200.202406191623/tools/bin/../lib/gcc/arm-none-eabi/12.3.1/thumb/v6-m/nofp/crti.o
                0x08003e40                _fini
 .fini          0x08003e44        0x8 C:/ST/STM32CubeIDE_1.13.1/STM32CubeIDE/plugins/com.st.stm32cube.ide.mcu.externaltools.gnu-tools-for-stm32.12.3.rel1.win32_1.0.200.202406191623/tools/bin/../lib/gcc/arm-none-eabi/12.3.1/thumb/v6-m/nofp/crtn.o
                0x08003e4c                        . = ALIGN (0x4)
                0x08003e4c                        _etext = .

.vfp11_veneer   0x08003e4c        0x0
 .vfp11_veneer  0x08003e4c        0x0 linker stubs

.v4_bx          0x08003e4c        0x0
 .v4_bx         0x08003e4c        0x0 linker stubs

.iplt           0x08003e4c        0x0
 .iplt          0x08003e4c        0x0 C:/ST/STM32CubeIDE_1.13.1/STM32CubeIDE/plugins/com.st.stm32cube.ide.mcu.externaltools.gnu-tools-for-stm32.12.3.rel1.win32_1.0.200.202406191623/tools/bin/../lib/gcc/arm-none-eabi/12.3.1/thumb/v6-m/nofp/crtbegin.o

.rodata         0x08003e4c       0x78
                0x08003e4c                        . = ALIGN (0x4)
 *(.rodata)
 *(.rodata*)
 .rodata.AHBPrescTable
                0x08003e4c       0x40 ./Core/Src/system_stm32c0xx.o
                0x08003e4c                AHBPrescTable
 .rodata.APBPrescTable
                0x08003e8c       0x20 ./Core/Src/system_stm32c0xx.o
                0x08003e8c                APBPrescTable
 .rodata.UARTPrescTable
                0x08003eac       0x18 ./Drivers/STM32C0xx_HAL_Driver/Src/stm32c0xx_hal_uart.o
                0x08003eac                UARTPrescTable
                0x08003ec4                        . = ALIGN (0x4)

.ARM.extab      0x08003ec4        0x0
                0x08003ec4                        . = ALIGN (0x4)
 *(.ARM.extab* .gnu.linkonce.armextab.*)
                0x08003ec4                        . = ALIGN (0x4)

.ARM            0x08003ec4        0x0
                0x08003ec4                        . = ALIGN (0x4)
                0x08003ec4                        __exidx_start = .
 *(.ARM.exidx*)
                0x08003ec4                        __exidx_end = .
                0x08003ec4                        . = ALIGN (0x4)

.preinit_array  0x08003ec4        0x0
                0x08003ec4                        . = ALIGN (0x4)
                0x08003ec4                        PROVIDE (__preinit_array_start = .)
 *(.preinit_array*)
                0x08003ec4                        PROVIDE (__preinit_array_end = .)
                0x08003ec4                        . = ALIGN (0x4)

.init_array     0x08003ec4        0x4
                0x08003ec4                        . = ALIGN (0x4)
                0x08003ec4                        PROVIDE (__init_array_start = .)
 *(SORT_BY_NAME(.init_array.*))
 *(.init_array*)
 .init_array    0x08003ec4        0x4 C:/ST/STM32CubeIDE_1.13.1/STM32CubeIDE/plugins/com.st.stm32cube.ide.mcu.externaltools.gnu-tools-for-stm32.12.3.rel1.win32_1.0.200.202406191623/tools/bin/../lib/gcc/arm-none-eabi/12.3.1/thumb/v6-m/nofp/crtbegin.o
                0x08003ec8                        PROVIDE (__init_array_end = .)
                0x08003ec8                        . = ALIGN (0x4)

.fini_array     0x08003ec8        0x4
                0x08003ec8                        . = ALIGN (0x4)
                [!provide]                        PROVIDE (__fini_array_start = .)
 *(SORT_BY_NAME(.fini_array.*))
 *(.fini_array*)
 .fini_array    0x08003ec8        0x4 C:/ST/STM32CubeIDE_1.13.1/STM32CubeIDE/plugins/com.st.stm32cube.ide.mcu.externaltools.gnu-tools-for-stm32.12.3.rel1.win32_1.0.200.202406191623/tools/bin/../lib/gcc/arm-none-eabi/12.3.1/thumb/v6-m/nofp/crtbegin.o
                [!provide]                        PROVIDE (__fini_array_end = .)
                0x08003ecc                        . = ALIGN (0x4)
                0x08003ecc                        _sidata = LOADADDR (.data)

.rel.dyn        0x08003ecc        0x0
 .rel.iplt      0x08003ecc        0x0 C:/ST/STM32CubeIDE_1.13.1/STM32CubeIDE/plugins/com.st.stm32cube.ide.mcu.externaltools.gnu-tools-for-stm32.12.3.rel1.win32_1.0.200.202406191623/tools/bin/../lib/gcc/arm-none-eabi/12.3.1/thumb/v6-m/nofp/crtbegin.o

.data           0x20000000        0xc load address 0x08003ecc
                0x20000000                        . = ALIGN (0x4)
                0x20000000                        _sdata = .
 *(.data)
 *(.data*)
 .data.SystemCoreClock
                0x20000000        0x4 ./Core/Src/system_stm32c0xx.o
                0x20000000                SystemCoreClock
 .data.uwTickPrio
                0x20000004        0x4 ./Drivers/STM32C0xx_HAL_Driver/Src/stm32c0xx_hal.o
                0x20000004                uwTickPrio
 .data.uwTickFreq
                0x20000008        0x1 ./Drivers/STM32C0xx_HAL_Driver/Src/stm32c0xx_hal.o
                0x20000008                uwTickFreq
 *(.RamFunc)
 *(.RamFunc*)
                0x2000000c                        . = ALIGN (0x4)
 *fill*         0x20000009        0x3 
                0x2000000c                        _edata = .

.igot.plt       0x2000000c        0x0 load address 0x08003ed8
 .igot.plt      0x2000000c        0x0 C:/ST/STM32CubeIDE_1.13.1/STM32CubeIDE/plugins/com.st.stm32cube.ide.mcu.externaltools.gnu-tools-for-stm32.12.3.rel1.win32_1.0.200.202406191623/tools/bin/../lib/gcc/arm-none-eabi/12.3.1/thumb/v6-m/nofp/crtbegin.o
                0x2000000c                        . = ALIGN (0x4)

.bss            0x2000000c      0x1e0 load address 0x08003ed8
                0x2000000c                        _sbss = .
                0x2000000c                        __bss_start__ = _sbss
 *(.bss)
 .bss           0x2000000c       0x1c C:/ST/STM32CubeIDE_1.13.1/STM32CubeIDE/plugins/com.st.stm32cube.ide.mcu.externaltools.gnu-tools-for-stm32.12.3.rel1.win32_1.0.200.202406191623/tools/bin/../lib/gcc/arm-none-eabi/12.3.1/thumb/v6-m/nofp/crtbegin.o
 *(.bss*)
 .bss.hrtc      0x20000028       0x28 ./Core/Src/main.o
                0x20000028                hrtc
 .bss.huart2    0x20000050       0x94 ./Core/Src/main.o
                0x20000050                huart2
 .bss.responseBuffer
                0x200000e4      0x100 ./Core/Src/main.o
                0x200000e4                responseBuffer
 .bss.responseReceived
                0x200001e4        0x1 ./Core/Src/main.o
                0x200001e4                responseReceived
 *fill*         0x200001e5        0x3 
 .bss.uwTick    0x200001e8        0x4 ./Drivers/STM32C0xx_HAL_Driver/Src/stm32c0xx_hal.o
                0x200001e8                uwTick
 *(COMMON)
                0x200001ec                        . = ALIGN (0x4)
                0x200001ec                        _ebss = .
                0x200001ec                        __bss_end__ = _ebss

._user_heap_stack
                0x200001ec      0x604 load address 0x08003ed8
                0x200001f0                        . = ALIGN (0x8)
 *fill*         0x200001ec        0x4 
                [!provide]                        PROVIDE (end = .)
                0x200001f0                        PROVIDE (_end = .)
                0x200003f0                        . = (. + _Min_Heap_Size)
 *fill*         0x200001f0      0x200 
                0x200007f0                        . = (. + _Min_Stack_Size)
 *fill*         0x200003f0      0x400 
                0x200007f0                        . = ALIGN (0x8)

/DISCARD/
 libc.a(*)
 libm.a(*)
 libgcc.a(*)

.ARM.attributes
                0x00000000       0x28
 *(.ARM.attributes)
 .ARM.attributes
                0x00000000       0x1e C:/ST/STM32CubeIDE_1.13.1/STM32CubeIDE/plugins/com.st.stm32cube.ide.mcu.externaltools.gnu-tools-for-stm32.12.3.rel1.win32_1.0.200.202406191623/tools/bin/../lib/gcc/arm-none-eabi/12.3.1/thumb/v6-m/nofp/crti.o
 .ARM.attributes
                0x0000001e       0x2c C:/ST/STM32CubeIDE_1.13.1/STM32CubeIDE/plugins/com.st.stm32cube.ide.mcu.externaltools.gnu-tools-for-stm32.12.3.rel1.win32_1.0.200.202406191623/tools/bin/../lib/gcc/arm-none-eabi/12.3.1/thumb/v6-m/nofp/crtbegin.o
 .ARM.attributes
                0x0000004a       0x2c ./Core/Src/main.o
 .ARM.attributes
                0x00000076       0x2c ./Core/Src/stm32c0xx_hal_msp.o
 .ARM.attributes
                0x000000a2       0x2c ./Core/Src/stm32c0xx_it.o
 .ARM.attributes
                0x000000ce       0x2c ./Core/Src/system_stm32c0xx.o
 .ARM.attributes
                0x000000fa       0x22 ./Core/Startup/startup_stm32c011f6px.o
 .ARM.attributes
                0x0000011c       0x2c ./Drivers/STM32C0xx_HAL_Driver/Src/stm32c0xx_hal.o
 .ARM.attributes
                0x00000148       0x2c ./Drivers/STM32C0xx_HAL_Driver/Src/stm32c0xx_hal_cortex.o
 .ARM.attributes
                0x00000174       0x2c ./Drivers/STM32C0xx_HAL_Driver/Src/stm32c0xx_hal_dma.o
 .ARM.attributes
                0x000001a0       0x2c ./Drivers/STM32C0xx_HAL_Driver/Src/stm32c0xx_hal_gpio.o
 .ARM.attributes
                0x000001cc       0x2c ./Drivers/STM32C0xx_HAL_Driver/Src/stm32c0xx_hal_pwr.o
 .ARM.attributes
                0x000001f8       0x2c ./Drivers/STM32C0xx_HAL_Driver/Src/stm32c0xx_hal_rcc.o
 .ARM.attributes
                0x00000224       0x2c ./Drivers/STM32C0xx_HAL_Driver/Src/stm32c0xx_hal_rcc_ex.o
 .ARM.attributes
                0x00000250       0x2c ./Drivers/STM32C0xx_HAL_Driver/Src/stm32c0xx_hal_rtc.o
 .ARM.attributes
                0x0000027c       0x2c ./Drivers/STM32C0xx_HAL_Driver/Src/stm32c0xx_hal_uart.o
 .ARM.attributes
                0x000002a8       0x2c ./Drivers/STM32C0xx_HAL_Driver/Src/stm32c0xx_hal_uart_ex.o
 .ARM.attributes
                0x000002d4       0x2c C:/ST/STM32CubeIDE_1.13.1/STM32CubeIDE/plugins/com.st.stm32cube.ide.mcu.externaltools.gnu-tools-for-stm32.12.3.rel1.win32_1.0.200.202406191623/tools/bin/../lib/gcc/arm-none-eabi/12.3.1/../../../../arm-none-eabi/lib/thumb/v6-m/nofp\libc_nano.a(libc_a-memset.o)
 .ARM.attributes
                0x00000300       0x2c C:/ST/STM32CubeIDE_1.13.1/STM32CubeIDE/plugins/com.st.stm32cube.ide.mcu.externaltools.gnu-tools-for-stm32.12.3.rel1.win32_1.0.200.202406191623/tools/bin/../lib/gcc/arm-none-eabi/12.3.1/../../../../arm-none-eabi/lib/thumb/v6-m/nofp\libc_nano.a(libc_a-init.o)
 .ARM.attributes
                0x0000032c       0x1e C:/ST/STM32CubeIDE_1.13.1/STM32CubeIDE/plugins/com.st.stm32cube.ide.mcu.externaltools.gnu-tools-for-stm32.12.3.rel1.win32_1.0.200.202406191623/tools/bin/../lib/gcc/arm-none-eabi/12.3.1/thumb/v6-m/nofp\libgcc.a(_udivsi3.o)
 .ARM.attributes
                0x0000034a       0x1e C:/ST/STM32CubeIDE_1.13.1/STM32CubeIDE/plugins/com.st.stm32cube.ide.mcu.externaltools.gnu-tools-for-stm32.12.3.rel1.win32_1.0.200.202406191623/tools/bin/../lib/gcc/arm-none-eabi/12.3.1/thumb/v6-m/nofp\libgcc.a(_dvmd_tls.o)
 .ARM.attributes
                0x00000368       0x1e C:/ST/STM32CubeIDE_1.13.1/STM32CubeIDE/plugins/com.st.stm32cube.ide.mcu.externaltools.gnu-tools-for-stm32.12.3.rel1.win32_1.0.200.202406191623/tools/bin/../lib/gcc/arm-none-eabi/12.3.1/thumb/v6-m/nofp/crtn.o
OUTPUT(QuectelBg95Stm32C0Test.elf elf32-littlearm)
LOAD linker stubs
LOAD C:/ST/STM32CubeIDE_1.13.1/STM32CubeIDE/plugins/com.st.stm32cube.ide.mcu.externaltools.gnu-tools-for-stm32.12.3.rel1.win32_1.0.200.202406191623/tools/bin/../lib/gcc/arm-none-eabi/12.3.1/../../../../arm-none-eabi/lib/thumb/v6-m/nofp\libc.a
LOAD C:/ST/STM32CubeIDE_1.13.1/STM32CubeIDE/plugins/com.st.stm32cube.ide.mcu.externaltools.gnu-tools-for-stm32.12.3.rel1.win32_1.0.200.202406191623/tools/bin/../lib/gcc/arm-none-eabi/12.3.1/../../../../arm-none-eabi/lib/thumb/v6-m/nofp\libm.a
LOAD C:/ST/STM32CubeIDE_1.13.1/STM32CubeIDE/plugins/com.st.stm32cube.ide.mcu.externaltools.gnu-tools-for-stm32.12.3.rel1.win32_1.0.200.202406191623/tools/bin/../lib/gcc/arm-none-eabi/12.3.1/thumb/v6-m/nofp\libgcc.a

.debug_info     0x00000000     0xce3e
 .debug_info    0x00000000     0x1c35 ./Core/Src/main.o
 .debug_info    0x00001c35      0xf23 ./Core/Src/stm32c0xx_hal_msp.o
 .debug_info    0x00002b58      0xa4a ./Core/Src/stm32c0xx_it.o
 .debug_info    0x000035a2      0x373 ./Core/Src/system_stm32c0xx.o
 .debug_info    0x00003915       0x30 ./Core/Startup/startup_stm32c011f6px.o
 .debug_info    0x00003945      0x832 ./Drivers/STM32C0xx_HAL_Driver/Src/stm32c0xx_hal.o
 .debug_info    0x00004177      0x876 ./Drivers/STM32C0xx_HAL_Driver/Src/stm32c0xx_hal_cortex.o
 .debug_info    0x000049ed      0x826 ./Drivers/STM32C0xx_HAL_Driver/Src/stm32c0xx_hal_dma.o
 .debug_info    0x00005213      0x5b7 ./Drivers/STM32C0xx_HAL_Driver/Src/stm32c0xx_hal_gpio.o
 .debug_info    0x000057ca      0x54a ./Drivers/STM32C0xx_HAL_Driver/Src/stm32c0xx_hal_pwr.o
 .debug_info    0x00005d14      0x912 ./Drivers/STM32C0xx_HAL_Driver/Src/stm32c0xx_hal_rcc.o
 .debug_info    0x00006626      0x551 ./Drivers/STM32C0xx_HAL_Driver/Src/stm32c0xx_hal_rcc_ex.o
 .debug_info    0x00006b77      0xb73 ./Drivers/STM32C0xx_HAL_Driver/Src/stm32c0xx_hal_rtc.o
 .debug_info    0x000076ea     0x47e7 ./Drivers/STM32C0xx_HAL_Driver/Src/stm32c0xx_hal_uart.o
 .debug_info    0x0000bed1      0xf6d ./Drivers/STM32C0xx_HAL_Driver/Src/stm32c0xx_hal_uart_ex.o

.debug_abbrev   0x00000000     0x1f57
 .debug_abbrev  0x00000000      0x3b9 ./Core/Src/main.o
 .debug_abbrev  0x000003b9      0x1f2 ./Core/Src/stm32c0xx_hal_msp.o
 .debug_abbrev  0x000005ab      0x185 ./Core/Src/stm32c0xx_it.o
 .debug_abbrev  0x00000730      0x119 ./Core/Src/system_stm32c0xx.o
 .debug_abbrev  0x00000849       0x24 ./Core/Startup/startup_stm32c011f6px.o
 .debug_abbrev  0x0000086d      0x2cb ./Drivers/STM32C0xx_HAL_Driver/Src/stm32c0xx_hal.o
 .debug_abbrev  0x00000b38      0x2b7 ./Drivers/STM32C0xx_HAL_Driver/Src/stm32c0xx_hal_cortex.o
 .debug_abbrev  0x00000def      0x1d5 ./Drivers/STM32C0xx_HAL_Driver/Src/stm32c0xx_hal_dma.o
 .debug_abbrev  0x00000fc4      0x1d6 ./Drivers/STM32C0xx_HAL_Driver/Src/stm32c0xx_hal_gpio.o
 .debug_abbrev  0x0000119a      0x12f ./Drivers/STM32C0xx_HAL_Driver/Src/stm32c0xx_hal_pwr.o
 .debug_abbrev  0x000012c9      0x28b ./Drivers/STM32C0xx_HAL_Driver/Src/stm32c0xx_hal_rcc.o
 .debug_abbrev  0x00001554      0x225 ./Drivers/STM32C0xx_HAL_Driver/Src/stm32c0xx_hal_rcc_ex.o
 .debug_abbrev  0x00001779      0x1e5 ./Drivers/STM32C0xx_HAL_Driver/Src/stm32c0xx_hal_rtc.o
 .debug_abbrev  0x0000195e      0x314 ./Drivers/STM32C0xx_HAL_Driver/Src/stm32c0xx_hal_uart.o
 .debug_abbrev  0x00001c72      0x2e5 ./Drivers/STM32C0xx_HAL_Driver/Src/stm32c0xx_hal_uart_ex.o

.debug_aranges  0x00000000      0x9c0
 .debug_aranges
                0x00000000      0x100 ./Core/Src/main.o
 .debug_aranges
                0x00000100       0x40 ./Core/Src/stm32c0xx_hal_msp.o
 .debug_aranges
                0x00000140       0x58 ./Core/Src/stm32c0xx_it.o
 .debug_aranges
                0x00000198       0x28 ./Core/Src/system_stm32c0xx.o
 .debug_aranges
                0x000001c0       0x28 ./Core/Startup/startup_stm32c011f6px.o
 .debug_aranges
                0x000001e8      0x100 ./Drivers/STM32C0xx_HAL_Driver/Src/stm32c0xx_hal.o
 .debug_aranges
                0x000002e8       0xe8 ./Drivers/STM32C0xx_HAL_Driver/Src/stm32c0xx_hal_cortex.o
 .debug_aranges
                0x000003d0       0x90 ./Drivers/STM32C0xx_HAL_Driver/Src/stm32c0xx_hal_dma.o
 .debug_aranges
                0x00000460       0x68 ./Drivers/STM32C0xx_HAL_Driver/Src/stm32c0xx_hal_gpio.o
 .debug_aranges
                0x000004c8       0x68 ./Drivers/STM32C0xx_HAL_Driver/Src/stm32c0xx_hal_pwr.o
 .debug_aranges
                0x00000530       0xa0 ./Drivers/STM32C0xx_HAL_Driver/Src/stm32c0xx_hal_rcc.o
 .debug_aranges
                0x000005d0       0x40 ./Drivers/STM32C0xx_HAL_Driver/Src/stm32c0xx_hal_rcc_ex.o
 .debug_aranges
                0x00000610       0xc0 ./Drivers/STM32C0xx_HAL_Driver/Src/stm32c0xx_hal_rtc.o
 .debug_aranges
                0x000006d0      0x248 ./Drivers/STM32C0xx_HAL_Driver/Src/stm32c0xx_hal_uart.o
 .debug_aranges
                0x00000918       0xa8 ./Drivers/STM32C0xx_HAL_Driver/Src/stm32c0xx_hal_uart_ex.o

.debug_rnglists
                0x00000000      0x78f
 .debug_rnglists
                0x00000000       0xcf ./Core/Src/main.o
 .debug_rnglists
                0x000000cf       0x2d ./Core/Src/stm32c0xx_hal_msp.o
 .debug_rnglists
                0x000000fc       0x3d ./Core/Src/stm32c0xx_it.o
 .debug_rnglists
                0x00000139       0x1a ./Core/Src/system_stm32c0xx.o
 .debug_rnglists
                0x00000153       0x19 ./Core/Startup/startup_stm32c011f6px.o
 .debug_rnglists
                0x0000016c       0xbc ./Drivers/STM32C0xx_HAL_Driver/Src/stm32c0xx_hal.o
 .debug_rnglists
                0x00000228       0xaa ./Drivers/STM32C0xx_HAL_Driver/Src/stm32c0xx_hal_cortex.o
 .debug_rnglists
                0x000002d2       0x72 ./Drivers/STM32C0xx_HAL_Driver/Src/stm32c0xx_hal_dma.o
 .debug_rnglists
                0x00000344       0x4b ./Drivers/STM32C0xx_HAL_Driver/Src/stm32c0xx_hal_gpio.o
 .debug_rnglists
                0x0000038f       0x49 ./Drivers/STM32C0xx_HAL_Driver/Src/stm32c0xx_hal_pwr.o
 .debug_rnglists
                0x000003d8       0x78 ./Drivers/STM32C0xx_HAL_Driver/Src/stm32c0xx_hal_rcc.o
 .debug_rnglists
                0x00000450       0x2d ./Drivers/STM32C0xx_HAL_Driver/Src/stm32c0xx_hal_rcc_ex.o
 .debug_rnglists
                0x0000047d       0x97 ./Drivers/STM32C0xx_HAL_Driver/Src/stm32c0xx_hal_rtc.o
 .debug_rnglists
                0x00000514      0x1fb ./Drivers/STM32C0xx_HAL_Driver/Src/stm32c0xx_hal_uart.o
 .debug_rnglists
                0x0000070f       0x80 ./Drivers/STM32C0xx_HAL_Driver/Src/stm32c0xx_hal_uart_ex.o

.debug_macro    0x00000000    0x129eb
 .debug_macro   0x00000000      0x1eb ./Core/Src/main.o
 .debug_macro   0x000001eb      0xa8a ./Core/Src/main.o
 .debug_macro   0x00000c75       0x2e ./Core/Src/main.o
 .debug_macro   0x00000ca3       0x28 ./Core/Src/main.o
 .debug_macro   0x00000ccb       0x22 ./Core/Src/main.o
 .debug_macro   0x00000ced       0x8e ./Core/Src/main.o
 .debug_macro   0x00000d7b       0x51 ./Core/Src/main.o
 .debug_macro   0x00000dcc      0x103 ./Core/Src/main.o
 .debug_macro   0x00000ecf       0x6a ./Core/Src/main.o
 .debug_macro   0x00000f39      0x1df ./Core/Src/main.o
 .debug_macro   0x00001118       0x1c ./Core/Src/main.o
 .debug_macro   0x00001134       0x22 ./Core/Src/main.o
 .debug_macro   0x00001156       0xd1 ./Core/Src/main.o
 .debug_macro   0x00001227      0x4da ./Core/Src/main.o
 .debug_macro   0x00001701      0x11f ./Core/Src/main.o
 .debug_macro   0x00001820     0x8fa0 ./Core/Src/main.o
 .debug_macro   0x0000a7c0       0x6c ./Core/Src/main.o
 .debug_macro   0x0000a82c      0x198 ./Core/Src/main.o
 .debug_macro   0x0000a9c4       0xe9 ./Core/Src/main.o
 .debug_macro   0x0000aaad     0x3440 ./Core/Src/main.o
 .debug_macro   0x0000deed      0x189 ./Core/Src/main.o
 .debug_macro   0x0000e076       0x5b ./Core/Src/main.o
 .debug_macro   0x0000e0d1      0x397 ./Core/Src/main.o
 .debug_macro   0x0000e468      0xb24 ./Core/Src/main.o
 .debug_macro   0x0000ef8c      0x145 ./Core/Src/main.o
 .debug_macro   0x0000f0d1      0x15f ./Core/Src/main.o
 .debug_macro   0x0000f230      0x174 ./Core/Src/main.o
 .debug_macro   0x0000f3a4      0x264 ./Core/Src/main.o
 .debug_macro   0x0000f608      0x17e ./Core/Src/main.o
 .debug_macro   0x0000f786       0x43 ./Core/Src/main.o
 .debug_macro   0x0000f7c9      0x1f1 ./Core/Src/main.o
 .debug_macro   0x0000f9ba      0x1aa ./Core/Src/main.o
 .debug_macro   0x0000fb64      0x367 ./Core/Src/main.o
 .debug_macro   0x0000fecb       0x28 ./Core/Src/main.o
 .debug_macro   0x0000fef3       0xb3 ./Core/Src/main.o
 .debug_macro   0x0000ffa6      0x104 ./Core/Src/main.o
 .debug_macro   0x000100aa       0xef ./Core/Src/main.o
 .debug_macro   0x00010199      0x2b8 ./Core/Src/main.o
 .debug_macro   0x00010451      0x116 ./Core/Src/main.o
 .debug_macro   0x00010567       0xeb ./Core/Src/main.o
 .debug_macro   0x00010652      0x67e ./Core/Src/main.o
 .debug_macro   0x00010cd0       0xa6 ./Core/Src/main.o
 .debug_macro   0x00010d76      0x3c2 ./Core/Src/main.o
 .debug_macro   0x00011138      0x1df ./Core/Src/stm32c0xx_hal_msp.o
 .debug_macro   0x00011317      0x1e9 ./Core/Src/stm32c0xx_it.o
 .debug_macro   0x00011500      0x1db ./Core/Src/system_stm32c0xx.o
 .debug_macro   0x000116db      0x1f3 ./Drivers/STM32C0xx_HAL_Driver/Src/stm32c0xx_hal.o
 .debug_macro   0x000118ce      0x1d5 ./Drivers/STM32C0xx_HAL_Driver/Src/stm32c0xx_hal_cortex.o
 .debug_macro   0x00011aa3      0x1d5 ./Drivers/STM32C0xx_HAL_Driver/Src/stm32c0xx_hal_dma.o
 .debug_macro   0x00011c78      0x20a ./Drivers/STM32C0xx_HAL_Driver/Src/stm32c0xx_hal_gpio.o
 .debug_macro   0x00011e82      0x1d5 ./Drivers/STM32C0xx_HAL_Driver/Src/stm32c0xx_hal_pwr.o
 .debug_macro   0x00012057      0x205 ./Drivers/STM32C0xx_HAL_Driver/Src/stm32c0xx_hal_rcc.o
 .debug_macro   0x0001225c      0x1e7 ./Drivers/STM32C0xx_HAL_Driver/Src/stm32c0xx_hal_rcc_ex.o
 .debug_macro   0x00012443      0x1d5 ./Drivers/STM32C0xx_HAL_Driver/Src/stm32c0xx_hal_rtc.o
 .debug_macro   0x00012618      0x1f2 ./Drivers/STM32C0xx_HAL_Driver/Src/stm32c0xx_hal_uart.o
 .debug_macro   0x0001280a      0x1e1 ./Drivers/STM32C0xx_HAL_Driver/Src/stm32c0xx_hal_uart_ex.o

.debug_line     0x00000000     0xca1d
 .debug_line    0x00000000      0xe7a ./Core/Src/main.o
 .debug_line    0x00000e7a      0x81f ./Core/Src/stm32c0xx_hal_msp.o
 .debug_line    0x00001699      0x823 ./Core/Src/stm32c0xx_it.o
 .debug_line    0x00001ebc      0x7d8 ./Core/Src/system_stm32c0xx.o
 .debug_line    0x00002694       0x7d ./Core/Startup/startup_stm32c011f6px.o
 .debug_line    0x00002711      0xaaa ./Drivers/STM32C0xx_HAL_Driver/Src/stm32c0xx_hal.o
 .debug_line    0x000031bb      0xbcd ./Drivers/STM32C0xx_HAL_Driver/Src/stm32c0xx_hal_cortex.o
 .debug_line    0x00003d88      0xddc ./Drivers/STM32C0xx_HAL_Driver/Src/stm32c0xx_hal_dma.o
 .debug_line    0x00004b64      0xbe2 ./Drivers/STM32C0xx_HAL_Driver/Src/stm32c0xx_hal_gpio.o
 .debug_line    0x00005746      0x882 ./Drivers/STM32C0xx_HAL_Driver/Src/stm32c0xx_hal_pwr.o
 .debug_line    0x00005fc8      0xd54 ./Drivers/STM32C0xx_HAL_Driver/Src/stm32c0xx_hal_rcc.o
 .debug_line    0x00006d1c      0xa28 ./Drivers/STM32C0xx_HAL_Driver/Src/stm32c0xx_hal_rcc_ex.o
 .debug_line    0x00007744      0xf75 ./Drivers/STM32C0xx_HAL_Driver/Src/stm32c0xx_hal_rtc.o
 .debug_line    0x000086b9     0x3528 ./Drivers/STM32C0xx_HAL_Driver/Src/stm32c0xx_hal_uart.o
 .debug_line    0x0000bbe1      0xe3c ./Drivers/STM32C0xx_HAL_Driver/Src/stm32c0xx_hal_uart_ex.o

.debug_str      0x00000000    0x73d2b
 .debug_str     0x00000000    0x7185c ./Core/Src/main.o
                              0x71e79 (size before relaxing)
 .debug_str     0x0007185c      0x359 ./Core/Src/stm32c0xx_hal_msp.o
                              0x71be0 (size before relaxing)
 .debug_str     0x00071bb5       0xde ./Core/Src/stm32c0xx_it.o
                              0x7187d (size before relaxing)
 .debug_str     0x00071c93       0xaf ./Core/Src/system_stm32c0xx.o
                              0x71226 (size before relaxing)
 .debug_str     0x00071d42       0x44 ./Core/Startup/startup_stm32c011f6px.o
                                 0x79 (size before relaxing)
 .debug_str     0x00071d86      0x432 ./Drivers/STM32C0xx_HAL_Driver/Src/stm32c0xx_hal.o
                              0x7181c (size before relaxing)
 .debug_str     0x000721b8      0x26d ./Drivers/STM32C0xx_HAL_Driver/Src/stm32c0xx_hal_cortex.o
                              0x7163f (size before relaxing)
 .debug_str     0x00072425      0x2bf ./Drivers/STM32C0xx_HAL_Driver/Src/stm32c0xx_hal_dma.o
                              0x7169d (size before relaxing)
 .debug_str     0x000726e4      0x26e ./Drivers/STM32C0xx_HAL_Driver/Src/stm32c0xx_hal_gpio.o
                              0x7141e (size before relaxing)
 .debug_str     0x00072952      0x12f ./Drivers/STM32C0xx_HAL_Driver/Src/stm32c0xx_hal_pwr.o
                              0x7137b (size before relaxing)
 .debug_str     0x00072a81      0x475 ./Drivers/STM32C0xx_HAL_Driver/Src/stm32c0xx_hal_rcc.o
                              0x7181d (size before relaxing)
 .debug_str     0x00072ef6      0x128 ./Drivers/STM32C0xx_HAL_Driver/Src/stm32c0xx_hal_rcc_ex.o
                              0x7148f (size before relaxing)
 .debug_str     0x0007301e      0x132 ./Drivers/STM32C0xx_HAL_Driver/Src/stm32c0xx_hal_rtc.o
                              0x71642 (size before relaxing)
 .debug_str     0x00073150      0x919 ./Drivers/STM32C0xx_HAL_Driver/Src/stm32c0xx_hal_uart.o
                              0x72176 (size before relaxing)
 .debug_str     0x00073a69      0x2c2 ./Drivers/STM32C0xx_HAL_Driver/Src/stm32c0xx_hal_uart_ex.o
                              0x71a9f (size before relaxing)

.comment        0x00000000       0x43
 .comment       0x00000000       0x43 ./Core/Src/main.o
                                 0x44 (size before relaxing)
 .comment       0x00000043       0x44 ./Core/Src/stm32c0xx_hal_msp.o
 .comment       0x00000043       0x44 ./Core/Src/stm32c0xx_it.o
 .comment       0x00000043       0x44 ./Core/Src/system_stm32c0xx.o
 .comment       0x00000043       0x44 ./Drivers/STM32C0xx_HAL_Driver/Src/stm32c0xx_hal.o
 .comment       0x00000043       0x44 ./Drivers/STM32C0xx_HAL_Driver/Src/stm32c0xx_hal_cortex.o
 .comment       0x00000043       0x44 ./Drivers/STM32C0xx_HAL_Driver/Src/stm32c0xx_hal_dma.o
 .comment       0x00000043       0x44 ./Drivers/STM32C0xx_HAL_Driver/Src/stm32c0xx_hal_gpio.o
 .comment       0x00000043       0x44 ./Drivers/STM32C0xx_HAL_Driver/Src/stm32c0xx_hal_pwr.o
 .comment       0x00000043       0x44 ./Drivers/STM32C0xx_HAL_Driver/Src/stm32c0xx_hal_rcc.o
 .comment       0x00000043       0x44 ./Drivers/STM32C0xx_HAL_Driver/Src/stm32c0xx_hal_rcc_ex.o
 .comment       0x00000043       0x44 ./Drivers/STM32C0xx_HAL_Driver/Src/stm32c0xx_hal_rtc.o
 .comment       0x00000043       0x44 ./Drivers/STM32C0xx_HAL_Driver/Src/stm32c0xx_hal_uart.o
 .comment       0x00000043       0x44 ./Drivers/STM32C0xx_HAL_Driver/Src/stm32c0xx_hal_uart_ex.o

.debug_frame    0x00000000     0x21c0
 .debug_frame   0x00000000      0x3a0 ./Core/Src/main.o
 .debug_frame   0x000003a0       0xb0 ./Core/Src/stm32c0xx_hal_msp.o
 .debug_frame   0x00000450       0xf0 ./Core/Src/stm32c0xx_it.o
 .debug_frame   0x00000540       0x4c ./Core/Src/system_stm32c0xx.o
 .debug_frame   0x0000058c      0x368 ./Drivers/STM32C0xx_HAL_Driver/Src/stm32c0xx_hal.o
 .debug_frame   0x000008f4      0x33c ./Drivers/STM32C0xx_HAL_Driver/Src/stm32c0xx_hal_cortex.o
 .debug_frame   0x00000c30      0x1f0 ./Drivers/STM32C0xx_HAL_Driver/Src/stm32c0xx_hal_dma.o
 .debug_frame   0x00000e20      0x150 ./Drivers/STM32C0xx_HAL_Driver/Src/stm32c0xx_hal_gpio.o
 .debug_frame   0x00000f70      0x138 ./Drivers/STM32C0xx_HAL_Driver/Src/stm32c0xx_hal_pwr.o
 .debug_frame   0x000010a8      0x214 ./Drivers/STM32C0xx_HAL_Driver/Src/stm32c0xx_hal_rcc.o
 .debug_frame   0x000012bc       0xac ./Drivers/STM32C0xx_HAL_Driver/Src/stm32c0xx_hal_rcc_ex.o
 .debug_frame   0x00001368      0x2c0 ./Drivers/STM32C0xx_HAL_Driver/Src/stm32c0xx_hal_rtc.o
 .debug_frame   0x00001628      0x8d4 ./Drivers/STM32C0xx_HAL_Driver/Src/stm32c0xx_hal_uart.o
 .debug_frame   0x00001efc      0x258 ./Drivers/STM32C0xx_HAL_Driver/Src/stm32c0xx_hal_uart_ex.o
 .debug_frame   0x00002154       0x20 C:/ST/STM32CubeIDE_1.13.1/STM32CubeIDE/plugins/com.st.stm32cube.ide.mcu.externaltools.gnu-tools-for-stm32.12.3.rel1.win32_1.0.200.202406191623/tools/bin/../lib/gcc/arm-none-eabi/12.3.1/../../../../arm-none-eabi/lib/thumb/v6-m/nofp\libc_nano.a(libc_a-memset.o)
 .debug_frame   0x00002174       0x2c C:/ST/STM32CubeIDE_1.13.1/STM32CubeIDE/plugins/com.st.stm32cube.ide.mcu.externaltools.gnu-tools-for-stm32.12.3.rel1.win32_1.0.200.202406191623/tools/bin/../lib/gcc/arm-none-eabi/12.3.1/../../../../arm-none-eabi/lib/thumb/v6-m/nofp\libc_nano.a(libc_a-init.o)
 .debug_frame   0x000021a0       0x20 C:/ST/STM32CubeIDE_1.13.1/STM32CubeIDE/plugins/com.st.stm32cube.ide.mcu.externaltools.gnu-tools-for-stm32.12.3.rel1.win32_1.0.200.202406191623/tools/bin/../lib/gcc/arm-none-eabi/12.3.1/thumb/v6-m/nofp\libgcc.a(_udivsi3.o)

.debug_line_str
                0x00000000       0x5d
 .debug_line_str
                0x00000000       0x5d ./Core/Startup/startup_stm32c011f6px.o
