../Core/Src/main.c:84:5:main	16	static
../Core/Src/main.c:156:6:SystemClock_Config	64	static
../Core/Src/main.c:194:13:MX_RTC_Init	72	static
../Core/Src/main.c:279:13:MX_USART2_UART_Init	8	static
../Core/Src/main.c:315:13:MX_GPIO_Init	16	static
../Core/Src/main.c:329:6:sendATCommand	16	static
../Core/Src/main.c:334:6:receiveResponseUntilMatch	32	static
../Core/Src/main.c:349:6:InitialConfigBg95	296	static
../Core/Src/main.c:424:6:ConfigPdpContext	392	static
../Core/Src/main.c:466:6:ConfigMqttContext	272	static
../Core/Src/main.c:489:6:ActivePdp	272	static
../Core/Src/main.c:505:6:MqttConnectAndSubscribe	272	static
../Core/Src/main.c:522:6:MqttConfigBeforeConnection	272	static
../Core/Src/main.c:542:6:sendCommand	16	static
../Core/Src/main.c:555:6:EnterSleepMode	8	static
../Core/Src/main.c:562:6:SetNextAlarm	88	static
../Core/Src/main.c:603:6:InitFlags	8	static
../Core/Src/main.c:622:6:Error_Handler	8	static,ignoring_inline_asm
