../Core/Src/main.c:85:5:main	16	static
../Core/Src/main.c:144:6:SystemClock_Config	64	static
../Core/Src/main.c:182:13:MX_RTC_Init	72	static
../Core/Src/main.c:267:13:MX_USART2_UART_Init	8	static
../Core/Src/main.c:303:13:MX_GPIO_Init	16	static
../Core/Src/main.c:317:6:sendATCommand	16	static
../Core/Src/main.c:322:6:receiveResponseUntilMatch	160	static
../Core/Src/main.c:364:6:InitialConfigBg95	160	static
../Core/Src/main.c:424:6:ConfigPdpContext	144	static
../Core/Src/main.c:449:6:ConfigMqttContext	144	static
../Core/Src/main.c:467:6:ActivePdp	144	static
../Core/Src/main.c:480:6:MqttConnectAndSubscribe	144	static
../Core/Src/main.c:496:6:MqttConfigBeforeConnection	144	static
../Core/Src/main.c:511:6:sendCommand	16	static
../Core/Src/main.c:523:6:ReceiveData	152	static
../Core/Src/main.c:560:6:EnterSleepMode	8	static
../Core/Src/main.c:567:6:SetNextAlarm	88	static
../Core/Src/main.c:608:6:InitFlags	8	static
../Core/Src/main.c:627:6:Error_Handler	8	static,ignoring_inline_asm
