../Core/Src/main.c:80:5:main	16	static
../Core/Src/main.c:140:6:SystemClock_Config	64	static
../Core/Src/main.c:178:13:MX_RTC_Init	72	static
../Core/Src/main.c:263:13:MX_USART2_UART_Init	8	static
../Core/Src/main.c:299:13:MX_GPIO_Init	16	static
../Core/Src/main.c:313:6:sendATCommand	16	static
../Core/Src/main.c:316:6:receiveResponse	24	static
../Core/Src/main.c:321:6:InitialConfigBg95	288	static
../Core/Src/main.c:419:6:ConfigPdpContext	392	static
../Core/Src/main.c:446:6:ConfigMqttContext	8	static
../Core/Src/main.c:459:6:ActivePdp	8	static
../Core/Src/main.c:467:6:MqttConnectAndSubscribe	8	static
../Core/Src/main.c:476:6:MqttConfigBeforeConnection	8	static
../Core/Src/main.c:488:6:EnterSleepMode	8	static
../Core/Src/main.c:495:6:SetNextAlarm	88	static
../Core/Src/main.c:536:6:InitFlags	8	static
../Core/Src/main.c:555:6:Error_Handler	8	static,ignoring_inline_asm
