../Core/Src/main.c:84:5:main	16	static
../Core/Src/main.c:156:6:SystemClock_Config	64	static
../Core/Src/main.c:194:13:MX_RTC_Init	72	static
../Core/Src/main.c:279:13:MX_USART2_UART_Init	8	static
../Core/Src/main.c:315:13:MX_GPIO_Init	16	static
../Core/Src/main.c:329:6:sendATCommand	16	static
../Core/Src/main.c:334:6:receiveResponseUntilMatch	160	static
../Core/Src/main.c:421:6:InitialConfigBg95	160	static
../Core/Src/main.c:481:6:ConfigPdpContext	144	static
../Core/Src/main.c:506:6:ConfigMqttContext	144	static
../Core/Src/main.c:524:6:ActivePdp	144	static
../Core/Src/main.c:536:6:MqttConnectAndSubscribe	144	static
../Core/Src/main.c:549:6:MqttConfigBeforeConnection	144	static
../Core/Src/main.c:564:6:sendCommand	16	static
../Core/Src/main.c:577:6:EnterSleepMode	8	static
../Core/Src/main.c:584:6:SetNextAlarm	88	static
../Core/Src/main.c:625:6:InitFlags	8	static
../Core/Src/main.c:644:6:Error_Handler	8	static,ignoring_inline_asm
