../Core/Src/main.c:84:5:main	16	static
../Core/Src/main.c:155:6:SystemClock_Config	64	static
../Core/Src/main.c:193:13:MX_RTC_Init	72	static
../Core/Src/main.c:278:13:MX_USART2_UART_Init	8	static
../Core/Src/main.c:314:13:MX_GPIO_Init	16	static
../Core/Src/main.c:328:6:sendATCommand	16	static
../Core/Src/main.c:331:6:receiveResponse	24	static
../Core/Src/main.c:336:6:InitialConfigBg95	288	static
../Core/Src/main.c:495:6:ConfigPdpContext	392	static
../Core/Src/main.c:538:6:ConfigMqttContext	8	static
../Core/Src/main.c:575:6:ActivePdp	8	static
../Core/Src/main.c:601:6:MqttConnectAndSubscribe	8	static
../Core/Src/main.c:628:6:MqttConfigBeforeConnection	8	static
../Core/Src/main.c:665:6:EnterSleepMode	8	static
../Core/Src/main.c:672:6:SetNextAlarm	88	static
../Core/Src/main.c:713:6:InitFlags	8	static
../Core/Src/main.c:732:6:Error_Handler	8	static,ignoring_inline_asm
