../Drivers/STM32C0xx_HAL_Driver/Src/stm32c0xx_hal_rtc.c:183:19:HAL_RTC_Init	32	static
../Drivers/STM32C0xx_HAL_Driver/Src/stm32c0xx_hal_rtc.c:285:19:HAL_RTC_DeInit	32	static
../Drivers/STM32C0xx_HAL_Driver/Src/stm32c0xx_hal_rtc.c:514:13:HAL_RTC_MspInit	16	static
../Drivers/STM32C0xx_HAL_Driver/Src/stm32c0xx_hal_rtc.c:529:13:HAL_RTC_MspDeInit	16	static
../Drivers/STM32C0xx_HAL_Driver/Src/stm32c0xx_hal_rtc.c:567:19:HAL_RTC_SetTime	40	static
../Drivers/STM32C0xx_HAL_Driver/Src/stm32c0xx_hal_rtc.c:677:19:HAL_RTC_GetTime	32	static
../Drivers/STM32C0xx_HAL_Driver/Src/stm32c0xx_hal_rtc.c:721:19:HAL_RTC_SetDate	40	static
../Drivers/STM32C0xx_HAL_Driver/Src/stm32c0xx_hal_rtc.c:805:19:HAL_RTC_GetDate	32	static
../Drivers/STM32C0xx_HAL_Driver/Src/stm32c0xx_hal_rtc.c:859:19:HAL_RTC_SetAlarm	48	static
../Drivers/STM32C0xx_HAL_Driver/Src/stm32c0xx_hal_rtc.c:1010:19:HAL_RTC_SetAlarm_IT	48	static
../Drivers/STM32C0xx_HAL_Driver/Src/stm32c0xx_hal_rtc.c:1156:19:HAL_RTC_DeactivateAlarm	24	static
../Drivers/STM32C0xx_HAL_Driver/Src/stm32c0xx_hal_rtc.c:1223:19:HAL_RTC_GetAlarm	32	static
../Drivers/STM32C0xx_HAL_Driver/Src/stm32c0xx_hal_rtc.c:1268:6:HAL_RTC_AlarmIRQHandler	16	static
../Drivers/STM32C0xx_HAL_Driver/Src/stm32c0xx_hal_rtc.c:1298:13:HAL_RTC_AlarmAEventCallback	16	static
../Drivers/STM32C0xx_HAL_Driver/Src/stm32c0xx_hal_rtc.c:1314:19:HAL_RTC_PollForAlarmAEvent	24	static
../Drivers/STM32C0xx_HAL_Driver/Src/stm32c0xx_hal_rtc.c:1376:19:HAL_RTC_WaitForSynchro	24	static
../Drivers/STM32C0xx_HAL_Driver/Src/stm32c0xx_hal_rtc.c:1430:21:HAL_RTC_GetState	16	static
../Drivers/STM32C0xx_HAL_Driver/Src/stm32c0xx_hal_rtc.c:1453:19:RTC_EnterInitMode	24	static
../Drivers/STM32C0xx_HAL_Driver/Src/stm32c0xx_hal_rtc.c:1494:19:RTC_ExitInitMode	32	static
../Drivers/STM32C0xx_HAL_Driver/Src/stm32c0xx_hal_rtc.c:1530:9:RTC_ByteToBcd2	24	static
../Drivers/STM32C0xx_HAL_Driver/Src/stm32c0xx_hal_rtc.c:1549:9:RTC_Bcd2ToByte	24	static
